2022-11-20 01:28:01.282  INFO 2808 --- [restartedMain] com.jpa.many2many.bi.eager.Application   : Starting Application using Java 11.0.9 on DESKTOP-T4E706U with PID 2808 (F:\SHABTAY_Documents\__Software_folders__\_Git_SpringBoot\Spring-Boot\02-JPA\09-Many2Many-Bi-Eager\target\classes started by שבתאי וקרין שלם in F:\SHABTAY_Documents\__Software_folders__\_Git_SpringBoot\Spring-Boot\02-JPA\09-Many2Many-Bi-Eager)
2022-11-20 01:28:01.283  INFO 2808 --- [restartedMain] com.jpa.many2many.bi.eager.Application   : The following 1 profile is active: "mysql"
2022-11-20 01:28:01.316  INFO 2808 --- [restartedMain] .e.DevToolsPropertyDefaultsPostProcessor : Devtools property defaults active! Set 'spring.devtools.add-properties' to 'false' to disable
2022-11-20 01:28:01.317  INFO 2808 --- [restartedMain] .e.DevToolsPropertyDefaultsPostProcessor : For additional web related logging consider setting the 'logging.level.web' property to 'DEBUG'
2022-11-20 01:28:01.834  INFO 2808 --- [restartedMain] .s.d.r.c.RepositoryConfigurationDelegate : Bootstrapping Spring Data JPA repositories in DEFAULT mode.
2022-11-20 01:28:01.876  INFO 2808 --- [restartedMain] .s.d.r.c.RepositoryConfigurationDelegate : Finished Spring Data repository scanning in 35 ms. Found 2 JPA repository interfaces.
2022-11-20 01:28:02.329  INFO 2808 --- [restartedMain] o.s.b.w.embedded.tomcat.TomcatWebServer  : Tomcat initialized with port(s): 8080 (http)
2022-11-20 01:28:02.337  INFO 2808 --- [restartedMain] o.apache.catalina.core.StandardService   : Starting service [Tomcat]
2022-11-20 01:28:02.337  INFO 2808 --- [restartedMain] org.apache.catalina.core.StandardEngine  : Starting Servlet engine: [Apache Tomcat/9.0.68]
2022-11-20 01:28:02.415  INFO 2808 --- [restartedMain] o.a.c.c.C.[Tomcat].[localhost].[/]       : Initializing Spring embedded WebApplicationContext
2022-11-20 01:28:02.415  INFO 2808 --- [restartedMain] w.s.c.ServletWebServerApplicationContext : Root WebApplicationContext: initialization completed in 1098 ms
2022-11-20 01:28:02.552  INFO 2808 --- [restartedMain] o.hibernate.jpa.internal.util.LogHelper  : HHH000204: Processing PersistenceUnitInfo [name: default]
2022-11-20 01:28:02.589  INFO 2808 --- [restartedMain] org.hibernate.Version                    : HHH000412: Hibernate ORM core version 5.6.12.Final
2022-11-20 01:28:02.719  INFO 2808 --- [restartedMain] o.hibernate.annotations.common.Version   : HCANN000001: Hibernate Commons Annotations {5.1.2.Final}
2022-11-20 01:28:02.802  INFO 2808 --- [restartedMain] com.zaxxer.hikari.HikariDataSource       : HikariPool-1 - Starting...
2022-11-20 01:28:02.945  INFO 2808 --- [restartedMain] com.zaxxer.hikari.HikariDataSource       : HikariPool-1 - Start completed.
2022-11-20 01:28:02.960  INFO 2808 --- [restartedMain] org.hibernate.dialect.Dialect            : HHH000400: Using dialect: org.hibernate.dialect.MySQL8Dialect
2022-11-20 01:28:03.500  INFO 2808 --- [restartedMain] o.h.e.t.j.p.i.JtaPlatformInitiator       : HHH000490: Using JtaPlatform implementation: [org.hibernate.engine.transaction.jta.platform.internal.NoJtaPlatform]
2022-11-20 01:28:03.507  INFO 2808 --- [restartedMain] j.LocalContainerEntityManagerFactoryBean : Initialized JPA EntityManagerFactory for persistence unit 'default'
2022-11-20 01:28:04.713  INFO 2808 --- [restartedMain] o.s.b.d.a.OptionalLiveReloadServer       : LiveReload server is running on port 35729
2022-11-20 01:28:04.741  INFO 2808 --- [restartedMain] o.s.b.w.embedded.tomcat.TomcatWebServer  : Tomcat started on port(s): 8080 (http) with context path ''
2022-11-20 01:28:04.750  INFO 2808 --- [restartedMain] com.jpa.many2many.bi.eager.Application   : Started Application in 3.774 seconds (JVM running for 4.423)
2022-11-20 01:28:09.758  INFO 2808 --- [http-nio-8080-exec-2] o.a.c.c.C.[Tomcat].[localhost].[/]       : Initializing Spring DispatcherServlet 'dispatcherServlet'
2022-11-20 01:28:09.759  INFO 2808 --- [http-nio-8080-exec-2] o.s.web.servlet.DispatcherServlet        : Initializing Servlet 'dispatcherServlet'
2022-11-20 01:28:09.760  INFO 2808 --- [http-nio-8080-exec-2] o.s.web.servlet.DispatcherServlet        : Completed initialization in 0 ms
2022-11-20 01:28:09.787  INFO 2808 --- [http-nio-8080-exec-2] c.j.m.bi.eager.dao.StudentDaoImpl        : invoke removeStudentByIdentityNumber()
2022-11-20 01:28:09.788  INFO 2808 --- [http-nio-8080-exec-2] c.j.m.bi.eager.dao.StudentDaoImpl        : invoke getStudentByIdentityNumber()
2022-11-20 01:28:26.304  INFO 2808 --- [RMI TCP Connection(7)-127.0.0.1] inMXBeanRegistrar$SpringApplicationAdmin : Application shutdown requested.
2022-11-20 01:28:26.351  INFO 2808 --- [RMI TCP Connection(7)-127.0.0.1] o.apache.catalina.core.StandardService   : Stopping service [Tomcat]
2022-11-20 01:28:26.353  INFO 2808 --- [RMI TCP Connection(7)-127.0.0.1] o.a.c.c.C.[Tomcat].[localhost].[/]       : Destroying Spring FrameworkServlet 'dispatcherServlet'
2022-11-20 01:28:26.360  INFO 2808 --- [RMI TCP Connection(7)-127.0.0.1] j.LocalContainerEntityManagerFactoryBean : Closing JPA EntityManagerFactory for persistence unit 'default'
2022-11-20 01:28:26.363  INFO 2808 --- [RMI TCP Connection(7)-127.0.0.1] com.zaxxer.hikari.HikariDataSource       : HikariPool-1 - Shutdown initiated...
2022-11-20 01:28:26.371  INFO 2808 --- [RMI TCP Connection(7)-127.0.0.1] com.zaxxer.hikari.HikariDataSource       : HikariPool-1 - Shutdown completed.
