#1759169338553 | took 2ms | statement | connection 0| url jdbc:p6spy:h2:mem:testdb
select * from INFORMATION_SCHEMA.SEQUENCES
select * from INFORMATION_SCHEMA.SEQUENCES;
#1759169338833 | took 0ms | statement | connection 0| url jdbc:p6spy:h2:mem:testdb
drop table if exists roles_tb CASCADE 
drop table if exists roles_tb CASCADE ;
#1759169338833 | took 0ms | statement | connection 0| url jdbc:p6spy:h2:mem:testdb
drop table if exists user_role CASCADE 
drop table if exists user_role CASCADE ;
#1759169338834 | took 0ms | statement | connection 0| url jdbc:p6spy:h2:mem:testdb
drop table if exists users_tb CASCADE 
drop table if exists users_tb CASCADE ;
#1759169338834 | took 0ms | statement | connection 0| url jdbc:p6spy:h2:mem:testdb
drop sequence if exists roleseq
drop sequence if exists roleseq;
#1759169338835 | took 0ms | statement | connection 0| url jdbc:p6spy:h2:mem:testdb
drop sequence if exists userseq
drop sequence if exists userseq;
#1759169338836 | took 1ms | statement | connection 0| url jdbc:p6spy:h2:mem:testdb
create sequence roleseq start with 20001 increment by 50
create sequence roleseq start with 20001 increment by 50;
#1759169338836 | took 0ms | statement | connection 0| url jdbc:p6spy:h2:mem:testdb
create sequence userseq start with 20001 increment by 50
create sequence userseq start with 20001 increment by 50;
#1759169338838 | took 2ms | statement | connection 0| url jdbc:p6spy:h2:mem:testdb
create table roles_tb (role_id bigint not null, role varchar(255), primary key (role_id))
create table roles_tb (role_id bigint not null, role varchar(255), primary key (role_id));
#1759169338841 | took 1ms | statement | connection 0| url jdbc:p6spy:h2:mem:testdb
create table user_role (user_id bigint not null, role_id bigint not null, primary key (user_id, role_id))
create table user_role (user_id bigint not null, role_id bigint not null, primary key (user_id, role_id));
#1759169338842 | took 0ms | statement | connection 0| url jdbc:p6spy:h2:mem:testdb
create table users_tb (user_id bigint not null, email varchar(255), name varchar(255), password varchar(255), primary key (user_id))
create table users_tb (user_id bigint not null, email varchar(255), name varchar(255), password varchar(255), primary key (user_id));
#1759169338845 | took 3ms | statement | connection 0| url jdbc:p6spy:h2:mem:testdb
alter table user_role add constraint FK4s2kdwqc4y5ofrcsw4cd0dnqr foreign key (role_id) references roles_tb
alter table user_role add constraint FK4s2kdwqc4y5ofrcsw4cd0dnqr foreign key (role_id) references roles_tb;
#1759169338846 | took 0ms | statement | connection 0| url jdbc:p6spy:h2:mem:testdb
alter table user_role add constraint FK1flathnfnv135y8mpsbrwfhfe foreign key (user_id) references users_tb
alter table user_role add constraint FK1flathnfnv135y8mpsbrwfhfe foreign key (user_id) references users_tb;
#1759169339713 | took 1ms | statement | connection 0| url jdbc:p6spy:h2:mem:testdb
insert into users_tb(user_id,name,email,password) values(1, 'shabtay shalem', 'shabtay.shalem@gmail.com','$2a$10$ITuqt3CLVrMuo0yGH7GhHuWttO.45i4aCH.jcX3s1IUTOiJLcXVk6')
insert into users_tb(user_id,name,email,password) values(1, 'shabtay shalem', 'shabtay.shalem@gmail.com','$2a$10$ITuqt3CLVrMuo0yGH7GhHuWttO.45i4aCH.jcX3s1IUTOiJLcXVk6');
#1759169339713 | took 0ms | statement | connection 0| url jdbc:p6spy:h2:mem:testdb
insert into users_tb(user_id,name,email,password) values(2, 'karin shalem', 'karin.shalem@gmail.com','$2a$10$ITuqt3CLVrMuo0yGH7GhHuWttO.45i4aCH.jcX3s1IUTOiJLcXVk6')
insert into users_tb(user_id,name,email,password) values(2, 'karin shalem', 'karin.shalem@gmail.com','$2a$10$ITuqt3CLVrMuo0yGH7GhHuWttO.45i4aCH.jcX3s1IUTOiJLcXVk6');
#1759169339714 | took 0ms | statement | connection 0| url jdbc:p6spy:h2:mem:testdb
insert into users_tb(user_id,name,email,password) values(3, 'avigail shalem', 'avigail.shalem@gmail.com','$2a$10$ITuqt3CLVrMuo0yGH7GhHuWttO.45i4aCH.jcX3s1IUTOiJLcXVk6')
insert into users_tb(user_id,name,email,password) values(3, 'avigail shalem', 'avigail.shalem@gmail.com','$2a$10$ITuqt3CLVrMuo0yGH7GhHuWttO.45i4aCH.jcX3s1IUTOiJLcXVk6');
#1759169339714 | took 0ms | statement | connection 0| url jdbc:p6spy:h2:mem:testdb
insert into users_tb(user_id,name,email,password) values(4, 'ariel shalem', 'ariel.shalem@gmail.com','$2a$10$ITuqt3CLVrMuo0yGH7GhHuWttO.45i4aCH.jcX3s1IUTOiJLcXVk6')
insert into users_tb(user_id,name,email,password) values(4, 'ariel shalem', 'ariel.shalem@gmail.com','$2a$10$ITuqt3CLVrMuo0yGH7GhHuWttO.45i4aCH.jcX3s1IUTOiJLcXVk6');
#1759169339714 | took 0ms | statement | connection 0| url jdbc:p6spy:h2:mem:testdb
insert into roles_tb(role_id, role) values (1, 'SUPER-ADMIN')
insert into roles_tb(role_id, role) values (1, 'SUPER-ADMIN');
#1759169339714 | took 0ms | statement | connection 0| url jdbc:p6spy:h2:mem:testdb
insert into roles_tb(role_id, role) values (2, 'ADMIN')
insert into roles_tb(role_id, role) values (2, 'ADMIN');
#1759169339715 | took 0ms | statement | connection 0| url jdbc:p6spy:h2:mem:testdb
insert into roles_tb(role_id, role) values (3, 'USER')
insert into roles_tb(role_id, role) values (3, 'USER');
#1759169339716 | took 1ms | statement | connection 0| url jdbc:p6spy:h2:mem:testdb
INSERT INTO user_role(user_id, role_id) VALUES(1,1)
INSERT INTO user_role(user_id, role_id) VALUES(1,1);
#1759169339716 | took 0ms | statement | connection 0| url jdbc:p6spy:h2:mem:testdb
INSERT INTO user_role(user_id, role_id) VALUES(1,2)
INSERT INTO user_role(user_id, role_id) VALUES(1,2);
#1759169339716 | took 0ms | statement | connection 0| url jdbc:p6spy:h2:mem:testdb
INSERT INTO user_role(user_id, role_id) VALUES(1,3)
INSERT INTO user_role(user_id, role_id) VALUES(1,3);
#1759169339718 | took 0ms | statement | connection 0| url jdbc:p6spy:h2:mem:testdb
INSERT INTO user_role(user_id, role_id) VALUES(2,1)
INSERT INTO user_role(user_id, role_id) VALUES(2,1);
#1759169339718 | took 0ms | statement | connection 0| url jdbc:p6spy:h2:mem:testdb
INSERT INTO user_role(user_id, role_id) VALUES(2,2)
INSERT INTO user_role(user_id, role_id) VALUES(2,2);
#1759169339718 | took 0ms | statement | connection 0| url jdbc:p6spy:h2:mem:testdb
INSERT INTO user_role(user_id, role_id) VALUES(2,3)
INSERT INTO user_role(user_id, role_id) VALUES(2,3);
#1759169339719 | took 0ms | statement | connection 0| url jdbc:p6spy:h2:mem:testdb
INSERT INTO user_role(user_id, role_id) VALUES(3,3)
INSERT INTO user_role(user_id, role_id) VALUES(3,3);
#1759169352471 | took 0ms | statement | connection 0| url jdbc:p6spy:h2:mem:testdb
select distinct userentity0_.user_id as user_id1_2_0_, roleentity2_.role_id as role_id1_0_1_, userentity0_.email as email2_2_0_, userentity0_.name as name3_2_0_, userentity0_.password as password4_2_0_, roleentity2_.role as role2_0_1_, roles1_.user_id as user_id1_1_0__, roles1_.role_id as role_id2_1_0__ from users_tb userentity0_ left outer join user_role roles1_ on userentity0_.user_id=roles1_.user_id left outer join roles_tb roleentity2_ on roles1_.role_id=roleentity2_.role_id where userentity0_.email=?
select distinct userentity0_.user_id as user_id1_2_0_, roleentity2_.role_id as role_id1_0_1_, userentity0_.email as email2_2_0_, userentity0_.name as name3_2_0_, userentity0_.password as password4_2_0_, roleentity2_.role as role2_0_1_, roles1_.user_id as user_id1_1_0__, roles1_.role_id as role_id2_1_0__ from users_tb userentity0_ left outer join user_role roles1_ on userentity0_.user_id=roles1_.user_id left outer join roles_tb roleentity2_ on roles1_.role_id=roleentity2_.role_id where userentity0_.email='shabtay.shalem@gmail.com';
